 Container filebrowser-verify-diskfull-1  Running
 Container filebrowser-verify-database-1  Running
 Container filebrowser-verify-app-1  Running

Running 1 test using 1 worker

  ✘  1 tests/e2e/filebrowser.spec.ts:6:1 › setup, file operations, worker hashing, reload resume, scoped users, and mobile layout (38.4s)


  1) tests/e2e/filebrowser.spec.ts:6:1 › setup, file operations, worker hashing, reload resume, scoped users, and mobile layout 

    Error: expect(locator).toBeVisible() failed

    Locator: getByRole('button', { name: 'large-source.bin', exact: true })
    Expected: visible
    Timeout: 5000ms
    Error: element(s) not found

    Call log:
      - Expect "toBeVisible" getByRole('button', { name: 'large-source.bin', exact: true }) with timeout 5000ms
      - waiting for getByRole('button', { name: 'large-source.bin', exact: true })


      84 |   await page.screenshot({ path: testInfo.outputPath('transfers.png'), fullPage: true })
      85 |   await page.getByRole('button', { name: 'My files', exact: true }).first().click()
    > 86 |   await expect(page.getByRole('button', { name: 'large-source.bin', exact: true })).toBeVisible()
         |                                                                                     ^
      87 |   await expect(page.getByRole('button', { name: 'large-source.bin.uploading', exact: true })).toHaveCount(0)
      88 |
      89 |   await page.getByRole('button', { name: 'People & access' }).click()
        at /app/tests/e2e/filebrowser.spec.ts:86:85

    attachment #1: screenshot (image/png) ──────────────────────────────────────────────────────────
    ../evidence/uploading-suffix/default-e2e/filebrowser-setup-file-ope-aec1f-ped-users-and-mobile-layout/test-failed-1.png
    ────────────────────────────────────────────────────────────────────────────────────────────────

    Error Context: ../evidence/uploading-suffix/default-e2e/filebrowser-setup-file-ope-aec1f-ped-users-and-mobile-layout/error-context.md

    attachment #3: trace (application/zip) ─────────────────────────────────────────────────────────
    ../evidence/uploading-suffix/default-e2e/filebrowser-setup-file-ope-aec1f-ped-users-and-mobile-layout/trace.zip
    Usage:

        npx playwright show-trace ../evidence/uploading-suffix/default-e2e/filebrowser-setup-file-ope-aec1f-ped-users-and-mobile-layout/trace.zip

    ────────────────────────────────────────────────────────────────────────────────────────────────

  1 failed
    tests/e2e/filebrowser.spec.ts:6:1 › setup, file operations, worker hashing, reload resume, scoped users, and mobile layout 
npm notice
npm notice New major version of npm available! 11.19.0 -> 12.2.0
npm notice Changelog: https://github.com/npm/cli/releases/tag/v12.2.0
npm notice To update run: npm install -g npm@12.2.0
npm notice

