
> filebrowser@0.1.0 check
> npm run lint && npm run build && npm test


> filebrowser@0.1.0 lint
> eslint . --max-warnings 0


> filebrowser@0.1.0 build
> npm run typecheck && npm run build:client && npm run build:server


> filebrowser@0.1.0 typecheck
> npm run db:generate && tsc --noEmit && tsc --noEmit -p tsconfig.node.json


> filebrowser@0.1.0 db:generate
> prisma generate

Loaded Prisma config from prisma.config.ts.

Prisma schema loaded from prisma/schema.prisma.

✔ Generated Prisma Client (7.10.0) to ./backend/generated/prisma in 50ms


> filebrowser@0.1.0 build:client
> vite build

vite v8.3.0 building client environment for production...
transforming...
✓ 1901 modules transformed.
rendering chunks...
computing gzip size...
dist/client/index.html                                              0.59 kB │ gzip:  0.35 kB
dist/client/assets/manrope-vietnamese-wght-normal-usUDDRr7.woff2    8.52 kB
dist/client/assets/manrope-greek-wght-normal-DL7QRZyv.woff2         9.44 kB
dist/client/assets/manrope-cyrillic-wght-normal-Dvxsihut.woff2     14.50 kB
dist/client/assets/manrope-latin-ext-wght-normal-Ch3YOpNY.woff2    15.12 kB
dist/client/assets/dm-sans-latin-ext-wght-normal-BOFOeGcA.woff2    18.22 kB
dist/client/assets/hash.worker-CSddmu_5.js                         18.61 kB
dist/client/assets/manrope-latin-wght-normal-DHIcAJRg.woff2        24.83 kB
dist/client/assets/dm-sans-latin-wght-normal-Xz1IZZA0.woff2        36.93 kB
dist/client/assets/index-Dt0ZM927.css                              40.62 kB │ gzip: 11.70 kB
dist/client/assets/index-Dp8asCT7.js                              290.24 kB │ gzip: 88.36 kB

✓ built in 1.10s

> filebrowser@0.1.0 build:server
> node scripts/build-server.mjs


  dist/server/server.js       54.7kb
  dist/server/server.js.map  100.6kb

⚡ Done in 17ms

> filebrowser@0.1.0 test
> node --import tsx --test tests/*.test.js

✔ setup is one-time; credentials, sessions, CSRF, and instance exclusion are enforced (1804.593229ms)
✔ scopes, permission changes, symlinks, traversal, and last-admin protections (1421.140096ms)
✔ multi-connection chunks verify, append once, survive lost acknowledgments, and publish without a copy (767.370696ms)
✔ bad checksums, incomplete parts, stale attempts, and restart tails roll back the whole chunk (677.013516ms)
✔ runtime chunk overrides are bounded and report a feasible manifest size (4.10657ms)
✔ SIGKILL after append recovers atomically without duplicate bytes (2505.345381ms)
✔ SIGKILL after publish recovers atomically without duplicate bytes (2707.58994ms)
✔ real 100 MiB chunk, interrupted connections, strict ordering, and a 200 GiB manifest (3424.085597ms)
▶ Prisma works without checked-in models or generated code
  ✔ validates and generates an empty schema without database credentials (5278.441043ms)
  ✔ generates typed model queries from a temporary schema (2985.740723ms)
  ✔ deploys a migration and queries a disposable PostgreSQL database (4026.653165ms)
✔ Prisma works without checked-in models or generated code (12315.466698ms)
✔ relocated production bundle serves setup, authenticated files, static assets, and shuts down cleanly (1302.548018ms)
✔ missing committed bytes fail visibly; canceled attempts release their reservation (1162.199548ms)
▶ starter tooling works in an isolated temporary project
  ✔ typechecks frontend, backend, and shared modules (4218.155266ms)
  ✔ runs aliases, mixed ESM/CommonJS packages, and extensionless dynamic imports in Node (393.791884ms)
  ✔ discovers TS modules by file URL after additions and deletions (2467.64508ms)
  ✔ runs the same TypeScript entry with the IDE launch runtime (411.578776ms)
  ✔ reconnects to the inspector and hits mapped TS breakpoints after nodemon restarts (1657.48696ms)
  ✔ reports uncaught exceptions with the original TypeScript line (372.768558ms)
  ✔ builds React, mixed ESM/CommonJS packages, shared imports, and SCSS for production (990.150796ms)
[vite:react-swc] We recommend switching to `@vitejs/plugin-react` for improved performance as no swc plugins are used. More information at https://vite.dev/rolldown
11:39:56 AM [vite] (client) page reload shared/value.ts
  ✔ serves frontend modules and notifies clients of shared changes (1034.064113ms)
  ✔ nodemon restarts backend changes, ignores frontend output, and recovers after errors (3363.876229ms)
✔ starter tooling works in an isolated temporary project (14951.721692ms)
ℹ tests 24
ℹ suites 0
ℹ pass 24
ℹ fail 0
ℹ cancelled 0
ℹ skipped 0
ℹ todo 0
ℹ duration_ms 16124.312091
npm notice
npm notice New major version of npm available! 11.19.0 -> 12.2.0
npm notice Changelog: https://github.com/npm/cli/releases/tag/v12.2.0
npm notice To update run: npm install -g npm@12.2.0
npm notice
