#1 [internal] load local bake definitions
#1 reading from stdin 1.51kB done
#1 DONE 0.0s

#2 [app internal] load build definition from Dockerfile
#2 transferring dockerfile: 889B done
#2 DONE 0.0s

#3 [runner internal] load metadata for ghcr.io/puppeteer/puppeteer:25.9.0
#3 DONE 0.1s

#4 [runner internal] load metadata for docker.io/library/node:24-bookworm-slim
#4 DONE 0.1s

#5 [app internal] load .dockerignore
#5 transferring context: 157B done
#5 DONE 0.0s

#6 [app internal] load build context
#6 DONE 0.0s

#7 [runner verification 1/5] FROM ghcr.io/puppeteer/puppeteer:25.9.0@sha256:5c341215d78353c3416b6c92aae9fac66e8f11c146c3753234980443d6792f8f
#7 resolve ghcr.io/puppeteer/puppeteer:25.9.0@sha256:5c341215d78353c3416b6c92aae9fac66e8f11c146c3753234980443d6792f8f 0.0s done
#7 DONE 0.1s

#8 [diskfull build 1/6] FROM docker.io/library/node:24-bookworm-slim@sha256:0e0ff40c39bc087845bfb27465a0df4ea419520094bc35842ff83dd8cbe6f9b6
#8 resolve docker.io/library/node:24-bookworm-slim@sha256:0e0ff40c39bc087845bfb27465a0df4ea419520094bc35842ff83dd8cbe6f9b6 0.1s done
#8 resolve docker.io/library/node:24-bookworm-slim@sha256:0e0ff40c39bc087845bfb27465a0df4ea419520094bc35842ff83dd8cbe6f9b6 0.1s done
#8 DONE 0.1s

#6 [diskfull internal] load build context
#6 transferring context: 558.60kB 0.0s done
#6 DONE 0.1s

#9 [runner build 2/6] WORKDIR /app
#9 CACHED

#10 [runner build 3/6] COPY package.json package-lock.json ./
#10 DONE 0.2s

#11 [runner build 4/6] RUN npm ci
#11 ...

#12 [diskfull runtime 4/5] RUN npm ci --omit=dev && mkdir /files /state && chown node:node /files /state
#12 ...

#11 [runner build 4/6] RUN npm ci
#11 180.8 
#11 180.8 added 420 packages, and audited 421 packages in 3m
#11 180.8 
#11 180.8 105 packages are looking for funding
#11 180.8   run `npm fund` for details
#11 180.8 
#11 180.8 found 0 vulnerabilities
#11 180.8 npm warn install-scripts 5 packages have install scripts not yet covered by allowScripts:
#11 180.8 npm warn install-scripts   @parcel/watcher@2.6.0 (install: node scripts/build-from-source.js)
#11 180.8 npm warn install-scripts   @prisma/engines@7.10.0 (postinstall: node scripts/postinstall.js)
#11 180.8 npm warn install-scripts   @swc/core@1.16.2 (postinstall: node postinstall.js)
#11 180.8 npm warn install-scripts   esbuild@0.28.2 (postinstall: node install.js)
#11 180.8 npm warn install-scripts   prisma@7.10.0 (preinstall: node scripts/preinstall-entry.js)
#11 180.8 npm warn install-scripts
#11 180.8 npm warn install-scripts Run `npm install-scripts ls` to review, or `npm install-scripts approve <pkg>` to allow.
#11 180.8 npm notice
#11 180.8 npm notice New major version of npm available! 11.19.0 -> 12.2.0
#11 180.8 npm notice Changelog: https://github.com/npm/cli/releases/tag/v12.2.0
#11 180.8 npm notice To update run: npm install -g npm@12.2.0
#11 180.8 npm notice
#11 DONE 182.8s

#13 [app build 5/6] COPY . .
#13 DONE 1.3s

#14 [diskfull build 6/6] RUN npm run build
#14 0.543 
#14 0.543 > filebrowser@0.1.0 build
#14 0.543 > npm run typecheck && npm run build:client && npm run build:server
#14 0.543 
#14 0.712 
#14 0.712 > filebrowser@0.1.0 typecheck
#14 0.712 > npm run db:generate && tsc --noEmit && tsc --noEmit -p tsconfig.node.json
#14 0.712 
#14 0.890 
#14 0.890 > filebrowser@0.1.0 db:generate
#14 0.890 > prisma generate
#14 0.890 
#14 2.571 Loaded Prisma config from prisma.config.ts.
#14 2.571 
#14 2.613 prisma:warn Prisma failed to detect the libssl/openssl version to use, and may not work as expected. Defaulting to "openssl-1.1.x".
#14 2.613 Please manually install OpenSSL via `apt-get update -y && apt-get install -y openssl` and try installing Prisma again. If you're running Prisma on Docker, add this command to your Dockerfile, or switch to an image that already has OpenSSL installed.
#14 2.616 prisma:warn Prisma failed to detect the libssl/openssl version to use, and may not work as expected. Defaulting to "openssl-1.1.x".
#14 2.616 Please manually install OpenSSL via `apt-get update -y && apt-get install -y openssl` and try installing Prisma again. If you're running Prisma on Docker, add this command to your Dockerfile, or switch to an image that already has OpenSSL installed.
#14 2.852 Prisma schema loaded from prisma/schema.prisma.
#14 2.908 
#14 2.908 ✔ Generated Prisma Client (7.10.0) to ./backend/generated/prisma in 34ms
#14 2.908 
#14 12.41 
#14 12.41 > filebrowser@0.1.0 build:client
#14 12.41 > vite build
#14 12.41 
#14 12.93 vite v8.3.0 building client environment for production...
#14 12.97 transforming...
#14 14.14 ✓ 6293 modules transformed.
#14 14.41 rendering chunks...
#14 14.52 computing gzip size...
#14 14.53 dist/client/index.html                                                     1.73 kB │ gzip:   0.88 kB
#14 14.53 dist/client/assets/jetbrains-mono-vietnamese-wght-normal-Bt-aOZkq.woff2    7.50 kB
#14 14.53 dist/client/assets/jetbrains-mono-greek-wght-normal-Bw9x6K1M.woff2         9.00 kB
#14 14.53 dist/client/assets/inter-vietnamese-wght-normal-CBcvBZtf.woff2            10.25 kB
#14 14.53 dist/client/assets/inter-greek-ext-wght-normal-DlzME5K_.woff2             11.23 kB
#14 14.53 dist/client/assets/jetbrains-mono-cyrillic-wght-normal-D73BlboJ.woff2     12.10 kB
#14 14.53 dist/client/assets/jetbrains-mono-latin-ext-wght-normal-DBQx-q_a.woff2    15.19 kB
#14 14.53 dist/client/assets/hash.worker-CSddmu_5.js                                18.61 kB
#14 14.53 dist/client/assets/inter-cyrillic-wght-normal-DqGufNeO.woff2              18.74 kB
#14 14.53 dist/client/assets/inter-greek-wght-normal-CkhJZR-_.woff2                 18.99 kB
#14 14.53 dist/client/assets/inter-cyrillic-ext-wght-normal-BOeWTOD4.woff2          25.96 kB
#14 14.53 dist/client/assets/jetbrains-mono-latin-wght-normal-B9CIFXIH.woff2        40.40 kB
#14 14.53 dist/client/assets/inter-latin-wght-normal-Dx4kXJAl.woff2                 48.25 kB
#14 14.53 dist/client/assets/inter-latin-ext-wght-normal-DO1Apj_S.woff2             85.06 kB
#14 14.53 dist/client/assets/index-5D8NFCCs.css                                     61.61 kB │ gzip:  14.61 kB
#14 14.53 dist/client/assets/index-CgiYgxKH.js                                     359.79 kB │ gzip: 105.37 kB
#14 14.53 
#14 14.54 ✓ built in 1.60s
#14 14.80 
#14 14.80 > filebrowser@0.1.0 build:server
#14 14.80 > node scripts/build-server.mjs
#14 14.80 
#14 14.90 
#14 14.90   dist/server/server.js       60.8kb
#14 14.90   dist/server/server.js.map  112.1kb
#14 14.90 
#14 14.90 ⚡ Done in 19ms
#14 DONE 15.1s

#12 [diskfull runtime 4/5] RUN npm ci --omit=dev && mkdir /files /state && chown node:node /files /state
#12 ...

#15 [runner verification 2/5] COPY --from=build /usr/local/ /usr/local/
#15 CACHED

#16 [runner verification 3/5] WORKDIR /app
#16 CACHED

#17 [runner verification 4/5] COPY --from=build /app/ /app/
#17 DONE 12.9s

#12 [diskfull runtime 4/5] RUN npm ci --omit=dev && mkdir /files /state && chown node:node /files /state
#12 ...

#18 [runner verification 5/5] RUN ln -s /home/pptruser/.cache/puppeteer/chrome/*/chrome-linux64/chrome /usr/local/bin/filebrowser-chromium
#18 DONE 0.8s

#12 [diskfull runtime 4/5] RUN npm ci --omit=dev && mkdir /files /state && chown node:node /files /state
#12 ...

#19 [runner] exporting to image
#19 exporting layers
#19 exporting layers 54.6s done
#19 exporting manifest sha256:bdadb1b94c3e6785256e74374932d8674fbed8d5044f20300eb12ec30b626d40 0.0s done
#19 exporting config sha256:fa5aa4450a398ebf194773922d760125d303dde4ae0bee569331b3f5bc5bd752 0.0s done
#19 exporting attestation manifest sha256:c696c648e89e1a59d8a664838ca085d19e139730256674d28db44fb8b9dfd068
#19 exporting attestation manifest sha256:c696c648e89e1a59d8a664838ca085d19e139730256674d28db44fb8b9dfd068 0.1s done
#19 exporting manifest list sha256:6a0b9a6f269e6c47c26c54b9f211f210b8381af2cb4a9af32bc2d931d0fc0785
#19 exporting manifest list sha256:6a0b9a6f269e6c47c26c54b9f211f210b8381af2cb4a9af32bc2d931d0fc0785 0.1s done
#19 naming to docker.io/library/filebrowser-redesign-verify-runner:latest done
#19 unpacking to docker.io/library/filebrowser-redesign-verify-runner:latest
#19 unpacking to docker.io/library/filebrowser-redesign-verify-runner:latest 18.9s done
#19 DONE 73.8s

#12 [diskfull runtime 4/5] RUN npm ci --omit=dev && mkdir /files /state && chown node:node /files /state
#12 ...

#20 [runner] resolving provenance for metadata file
#20 DONE 0.0s

#12 [diskfull runtime 4/5] RUN npm ci --omit=dev && mkdir /files /state && chown node:node /files /state
#12 395.4 
#12 395.4 added 234 packages, and audited 235 packages in 7m
#12 395.4 
#12 395.4 49 packages are looking for funding
#12 395.4   run `npm fund` for details
#12 395.4 
#12 395.4 found 0 vulnerabilities
#12 395.4 npm warn install-scripts 2 packages have install scripts not yet covered by allowScripts:
#12 395.4 npm warn install-scripts   @prisma/engines@7.10.0 (postinstall: node scripts/postinstall.js)
#12 395.4 npm warn install-scripts   prisma@7.10.0 (preinstall: node scripts/preinstall-entry.js)
#12 395.4 npm warn install-scripts
#12 395.4 npm warn install-scripts Run `npm install-scripts ls` to review, or `npm install-scripts approve <pkg>` to allow.
#12 395.4 npm notice
#12 395.4 npm notice New major version of npm available! 11.19.0 -> 12.2.0
#12 395.4 npm notice Changelog: https://github.com/npm/cli/releases/tag/v12.2.0
#12 395.4 npm notice To update run: npm install -g npm@12.2.0
#12 395.4 npm notice
#12 DONE 395.9s

#21 [app runtime 5/5] COPY --from=build /app/dist ./dist
#21 DONE 0.7s

#22 [app] exporting to image
#22 exporting layers
#22 ...

#23 [diskfull] exporting to image
#23 exporting layers 51.5s done
#23 exporting manifest sha256:732c6b5e7720d2e64a70e19b25953f444daa95ff7bb855eda61a38c9403fb427 0.1s done
#23 exporting config sha256:b511138811be2d7d49903feb1ec1a5e04983ba1609f2f3a96bd4f549985dc416
#23 ...

#22 [app] exporting to image
#22 exporting layers 51.5s done
#22 exporting manifest sha256:6aa98455b1342dd785968f16f83d6a58afcb4c161537028584d838c743c3ed7a 0.1s done
#22 exporting config sha256:f0a5fd546356ffe9b6d18d7042238747e6c9147775a3a7ff52275c937134712a 0.1s done
#22 exporting attestation manifest sha256:55cf64ab954eab9417b4ccd8cfa6dfb7b89b2e7728aa2b98f83092807fbd46d4
#22 exporting attestation manifest sha256:55cf64ab954eab9417b4ccd8cfa6dfb7b89b2e7728aa2b98f83092807fbd46d4 0.2s done
#22 exporting manifest list sha256:1b82985eab95f3ff765839eca7fc959daa9e350afc1829576ffcf58e68ab6311
#22 exporting manifest list sha256:1b82985eab95f3ff765839eca7fc959daa9e350afc1829576ffcf58e68ab6311 0.2s done
#22 naming to docker.io/library/filebrowser-redesign-verify-app:latest 0.0s done
#22 unpacking to docker.io/library/filebrowser-redesign-verify-app:latest
#22 ...

#23 [diskfull] exporting to image
#23 exporting config sha256:b511138811be2d7d49903feb1ec1a5e04983ba1609f2f3a96bd4f549985dc416 0.1s done
#23 exporting attestation manifest sha256:231526bef7a93f00a13f50e8c02ea54c84786f532c788c98e94c6d2cbbd3483e 0.3s done
#23 exporting manifest list sha256:805992b75f5fc285d0fb9af005583617f1fca77c48e31ba4a4925e875122afc2 0.1s done
#23 naming to docker.io/library/filebrowser-redesign-verify-diskfull:latest done
#23 unpacking to docker.io/library/filebrowser-redesign-verify-diskfull:latest
#23 unpacking to docker.io/library/filebrowser-redesign-verify-diskfull:latest 16.1s done
#23 DONE 68.3s

#22 [app] exporting to image
#22 unpacking to docker.io/library/filebrowser-redesign-verify-app:latest 16.1s done
#22 DONE 68.3s

#24 [diskfull] resolving provenance for metadata file
#24 DONE 0.1s

#25 [app] resolving provenance for metadata file
#25 DONE 0.0s
 filebrowser-redesign-verify-app  Built
 filebrowser-redesign-verify-diskfull  Built
 filebrowser-redesign-verify-runner  Built
