PASS production container advertises 100 KiB override: {"chunkSize":102400,"maxFileSize":1228800000,"maxConnections":4}
PASS authenticated production API
PASS one-time setup and anonymous access denial
PASS unsafe names and malformed manifests rejected
PASS 1 GiB manifest initializes idempotently: 10486 unique chunks; last chunk 77824 bytes
PASS next chunk cannot start before the current durable commit
PASS checksum mismatch rolls back and deletes the entire chunk
PASS short part poisons and discards the attempt
PASS one failed part closes a stalled sibling and permits whole-chunk retry
node:internal/modules/run_main:107
    triggerUncaughtException(
    ^

AssertionError [ERR_ASSERTION]: {"message":"Waiting for previous chunk connections to close","code":"UPLOAD_BUSY"}

409 !== 200

    at body (file:///app/scripts/verify-container-upload.mjs:26:10)
    at process.processTicksAndRejections (node:internal/process/task_queues:104:5)
    at async commitChunk (file:///app/scripts/verify-container-upload.mjs:44:19)
    at async file:///app/scripts/verify-container-upload.mjs:143:20 {
  generatedMessage: false,
  code: 'ERR_ASSERTION',
  actual: 409,
  expected: 200,
  operator: 'strictEqual',
  diff: 'simple'
}

Node.js v24.21.0

