 Volume filebrowser-deploy-verify_verify-state  Creating
 Volume filebrowser-deploy-verify_verify-state  Created
 Volume filebrowser-deploy-verify_verify-files  Creating
 Volume filebrowser-deploy-verify_verify-files  Created

> filebrowser@0.1.0 check
> npm run lint && npm run build && npm test


> filebrowser@0.1.0 lint
> eslint . --max-warnings 0


> filebrowser@0.1.0 build
> npm run typecheck && npm run build:client && npm run build:server


> filebrowser@0.1.0 typecheck
> npm run db:generate && tsc --noEmit && tsc --noEmit -p tsconfig.node.json


> filebrowser@0.1.0 db:generate
> prisma generate

Loaded Prisma config from prisma.config.ts.

Prisma schema loaded from prisma/schema.prisma.

✔ Generated Prisma Client (7.10.0) to ./backend/generated/prisma in 43ms


> filebrowser@0.1.0 build:client
> vite build

vite v8.3.0 building client environment for production...
transforming...
✓ 6293 modules transformed.
rendering chunks...
computing gzip size...
dist/client/index.html                                                     1.73 kB │ gzip:   0.88 kB
dist/client/assets/jetbrains-mono-vietnamese-wght-normal-Bt-aOZkq.woff2    7.50 kB
dist/client/assets/jetbrains-mono-greek-wght-normal-Bw9x6K1M.woff2         9.00 kB
dist/client/assets/inter-vietnamese-wght-normal-CBcvBZtf.woff2            10.25 kB
dist/client/assets/inter-greek-ext-wght-normal-DlzME5K_.woff2             11.23 kB
dist/client/assets/jetbrains-mono-cyrillic-wght-normal-D73BlboJ.woff2     12.10 kB
dist/client/assets/jetbrains-mono-latin-ext-wght-normal-DBQx-q_a.woff2    15.19 kB
dist/client/assets/hash.worker-CSddmu_5.js                                18.61 kB
dist/client/assets/inter-cyrillic-wght-normal-DqGufNeO.woff2              18.74 kB
dist/client/assets/inter-greek-wght-normal-CkhJZR-_.woff2                 18.99 kB
dist/client/assets/inter-cyrillic-ext-wght-normal-BOeWTOD4.woff2          25.96 kB
dist/client/assets/jetbrains-mono-latin-wght-normal-B9CIFXIH.woff2        40.40 kB
dist/client/assets/inter-latin-wght-normal-Dx4kXJAl.woff2                 48.25 kB
dist/client/assets/inter-latin-ext-wght-normal-DO1Apj_S.woff2             85.06 kB
dist/client/assets/index-5D8NFCCs.css                                     61.61 kB │ gzip:  14.61 kB
dist/client/assets/index-CgiYgxKH.js                                     359.79 kB │ gzip: 105.37 kB

✓ built in 1.63s

> filebrowser@0.1.0 build:server
> node scripts/build-server.mjs


  dist/server/server.js       64.1kb
  dist/server/server.js.map  118.0kb

⚡ Done in 19ms

> filebrowser@0.1.0 test
> node --import tsx --test tests/*.test.js

✔ setup is one-time; credentials, sessions, CSRF, and instance exclusion are enforced (1727.215641ms)
✔ scopes, permission changes, symlinks, traversal, and last-admin protections (1414.835244ms)
✔ multi-connection chunks verify, append once, survive lost acknowledgments, and publish without a copy (683.731075ms)
✔ bad checksums, incomplete parts, stale attempts, and restart tails roll back the whole chunk (597.981751ms)
✔ visible .uploading files share their stage inode, report committed bytes, and cannot be read or mutated (570.048551ms)
✔ suffix collisions preserve unrelated files; canceled transfers release both names without deleting replacements (562.326425ms)
✔ legacy private targets migrate without copying; a lost public alias is restored on restart (515.062854ms)
✔ 255-byte Unicode names and completed files ending .uploading remain supported (581.511666ms)
✔ orphan cleanup removes abandoned aliases but preserves suffix-named completed files sharing the old inode (519.324807ms)
✔ whole-filesystem storage requires private state in the reserved namespace (3.56943ms)
✔ reserved in-root account state cannot be listed or downloaded (854.342575ms)
✔ runtime chunk overrides are bounded and report a feasible manifest size (1.313704ms)
✔ an existing upload resumes with its stored chunk size after a runtime configuration change (653.202249ms)
✔ SIGKILL after append recovers atomically without duplicate bytes (2681.71391ms)
✔ SIGKILL after publish-link recovers atomically without duplicate bytes (2445.257383ms)
✔ SIGKILL after publish recovers atomically without duplicate bytes (2479.171887ms)
✔ SIGKILL after cancel recovers atomically without duplicate bytes (2252.57434ms)
✔ real 100 MiB chunk, interrupted connections, strict ordering, and a 200 GiB manifest (3328.337915ms)
▶ Prisma works without checked-in models or generated code
  ✔ validates and generates an empty schema without database credentials (4876.893547ms)
  ✔ generates typed model queries from a temporary schema (2831.69126ms)
  ✔ deploys a migration and queries a disposable PostgreSQL database (4339.604438ms)
✔ Prisma works without checked-in models or generated code (12074.136549ms)
✔ relocated production bundle serves setup, authenticated files, static assets, and shuts down cleanly (1153.007397ms)
✔ missing committed bytes fail visibly; canceled attempts release their reservation (1166.981066ms)
▶ starter tooling works in an isolated temporary project
  ✔ typechecks frontend, backend, and shared modules (4208.794482ms)
  ✔ runs aliases, mixed ESM/CommonJS packages, and extensionless dynamic imports in Node (368.121426ms)
  ✔ discovers TS modules by file URL after additions and deletions (2297.884375ms)
  ✔ runs the same TypeScript entry with the IDE launch runtime (373.086843ms)
  ✔ reconnects to the inspector and hits mapped TS breakpoints after nodemon restarts (1647.699428ms)
  ✔ reports uncaught exceptions with the original TypeScript line (333.139421ms)
  ✔ builds React, mixed ESM/CommonJS packages, shared imports, and SCSS for production (811.367206ms)
[vite:react-swc] We recommend switching to `@vitejs/plugin-react` for improved performance as no swc plugins are used. More information at https://vite.dev/rolldown
3:38:34 PM [vite] (client) page reload shared/value.ts
  ✔ serves frontend modules and notifies clients of shared changes (969.839232ms)
  ✔ nodemon restarts backend changes, ignores frontend output, and recovers after errors (3349.480896ms)
✔ starter tooling works in an isolated temporary project (14391.059606ms)
▶ mounted filesystems retain sequential-upload durability
  ✔ four-part chunks, corruption rollback, missing alias, restart, publication and target capacity (334.438784ms)
  ✔ interrupted publication and cancellation finish on restart (550.917673ms)
  ✔ an unavailable filesystem retains its registry and reservation (186.449188ms)
  ✔ abandoned aliases and interrupted stage creation are cleaned through the registry (65.801991ms)
✔ mounted filesystems retain sequential-upload durability (1873.25098ms)
ℹ tests 39
ℹ suites 0
ℹ pass 39
ℹ fail 0
ℹ cancelled 0
ℹ skipped 0
ℹ todo 0
ℹ duration_ms 15741.660464
npm notice
npm notice New major version of npm available! 11.19.0 -> 12.2.0
npm notice Changelog: https://github.com/npm/cli/releases/tag/v12.2.0
npm notice To update run: npm install -g npm@12.2.0
npm notice
